// Jest Snapshot v1, https://goo.gl/fbAQLP

exports[`Pruebas en <GifItem /> should has match with the snapshot 1`] = `
<div>
  <div
    class="card"
  >
    <img
      alt="Pruebas de Gif"
      src="https://gift-pruebas.com.mx/prueba.jpeg"
    />
    <p>
      Pruebas de Gif
    </p>
  </div>
</div>
`;
